../Core/Src/lsm303dlhc.c:117:6:LSM303DLHC_AccDeInit	0	static
../Core/Src/lsm303dlhc.c:94:6:Error	0	static
../Core/Src/lsm303dlhc.c:551:16:I2Cx_ReadData	32	static
../Core/Src/lsm303dlhc.c:126:9:LSM303DLHC_AccReadID	8	static
../Core/Src/lsm303dlhc.c:205:6:LSM303DLHC_AccReadXYZ	32	static
../Core/Src/lsm303dlhc.c:560:13:I2Cx_WriteData	32	static
../Core/Src/lsm303dlhc.c:99:6:LSM303DLHC_AccInit	8	static
../Core/Src/lsm303dlhc.c:144:6:LSM303DLHC_AccRebootCmd	8	static
../Core/Src/lsm303dlhc.c:163:6:LSM303DLHC_AccFilterConfig	8	static
../Core/Src/lsm303dlhc.c:185:6:LSM303DLHC_AccFilterCmd	8	static
../Core/Src/lsm303dlhc.c:274:6:LSM303DLHC_AccFilterClickCmd	8	static
../Core/Src/lsm303dlhc.c:302:6:LSM303DLHC_AccIT1Enable	8	static
../Core/Src/lsm303dlhc.c:329:6:LSM303DLHC_AccIT1Disable	8	static
../Core/Src/lsm303dlhc.c:355:6:LSM303DLHC_AccIT2Enable	8	static
../Core/Src/lsm303dlhc.c:381:6:LSM303DLHC_AccIT2Disable	8	static
../Core/Src/lsm303dlhc.c:401:6:LSM303DLHC_AccINT1InterruptEnable	16	static
../Core/Src/lsm303dlhc.c:421:6:LSM303DLHC_AccINT1InterruptDisable	16	static
../Core/Src/lsm303dlhc.c:441:6:LSM303DLHC_AccINT2InterruptEnable	16	static
../Core/Src/lsm303dlhc.c:461:6:LSM303DLHC_AccINT2InterruptDisable	16	static
../Core/Src/lsm303dlhc.c:480:6:LSM303DLHC_AccClickITEnable	8	static
../Core/Src/lsm303dlhc.c:533:6:LSM303DLHC_AccZClickITConfig	8	static
../Core/Src/lsm303dlhc.c:514:6:LSM303DLHC_AccClickITDisable	8	static
../Core/Src/lsm303dlhc.c:567:9:Accel_IO_Read	0	static
../Core/Src/lsm303dlhc.c:572:6:Accel_IO_Write	0	static
