../Core/Src/stm32f1xx_hal_msp.c:66:6:HAL_MspInit	8	static
../Core/Src/stm32f1xx_hal_msp.c:92:6:HAL_ADC_MspInit	32	static
../Core/Src/stm32f1xx_hal_msp.c:124:6:HAL_ADC_MspDeInit	0	static
../Core/Src/stm32f1xx_hal_msp.c:152:6:HAL_I2C_MspInit	32	static
../Core/Src/stm32f1xx_hal_msp.c:188:6:HAL_I2C_MspDeInit	8	static
../Core/Src/stm32f1xx_hal_msp.c:219:6:HAL_SPI_MspInit	32	static
../Core/Src/stm32f1xx_hal_msp.c:253:6:HAL_SPI_MspDeInit	0	static
../Core/Src/stm32f1xx_hal_msp.c:282:6:HAL_UART_MspInit	40	static
../Core/Src/stm32f1xx_hal_msp.c:357:6:HAL_UART_MspDeInit	8	static
